// Jest Snapshot v1, https://goo.gl/fbAQLP

exports[`Testing Client Testing with Snapshot 1`] = `
Object {
  "balance": 500,
  "name": "Demo",
  "type": "Premium",
}
`;
